========================
   : ./test-suite.log
========================

# TOTAL: 81
# PASS:  81
# SKIP:  0
# XFAIL: 0
# FAIL:  0
# XPASS: 0
# ERROR: 0

.. contents:: :depth: 2

